
> stripstream@1.23.2 test:e2e /Users/julienfroidefond/Sites/stripstream
> playwright test

[WebServer] [baseline-browser-mapping] The data in this module is over two months old.  To ensure accurate Baseline data, please update: `npm i baseline-browser-mapping@latest -D`
[WebServer] ⚠ The "middleware" file convention is deprecated. Please use "proxy" instead. Learn more: https://nextjs.org/docs/messages/middleware-to-proxy
[WebServer] [baseline-browser-mapping] The data in this module is over two months old.  To ensure accurate Baseline data, please update: `npm i baseline-browser-mapping@latest -D`
[WebServer] Browserslist: browsers data (caniuse-lite) is 11 months old. Please run:
[WebServer]   npx update-browserslist-db@latest
[WebServer]   Why you should do it regularly: https://github.com/browserslist/update-db#readme
[WebServer] [stub-provider] instance A on :8444
[WebServer] [stub-provider] instance B on :8445
Environment variables loaded from .env
Prisma schema loaded from prisma/schema.prisma
Datasource "db": SQLite database "stripstream-e2e-38118.db" at "file:/var/folders/tv/w9jn7q0d08j8hl7_y9_bggxm0000gn/T/stripstream-e2e-38118.db"

SQLite database stripstream-e2e-38118.db created at file:/var/folders/tv/w9jn7q0d08j8hl7_y9_bggxm0000gn/T/stripstream-e2e-38118.db

8 migrations found in prisma/migrations

Applying migration `20260311203728_init`
Applying migration `20260322200000_add_anonymous_mode`
Applying migration `20260429000000_multi_config`
Applying migration `20260505000000_dedupe_favorites`
Applying migration `20260520000000_add_reader_display_prefs`
Applying migration `20260902140000_user_scoped_read_progress`
Applying migration `20260903220000_add_reader_background`
Applying migration `20260909000000_remove_read_progress`

The following migration(s) have been applied:

migrations/
  └─ 20260311203728_init/
    └─ migration.sql
  └─ 20260322200000_add_anonymous_mode/
    └─ migration.sql
  └─ 20260429000000_multi_config/
    └─ migration.sql
  └─ 20260505000000_dedupe_favorites/
    └─ migration.sql
  └─ 20260520000000_add_reader_display_prefs/
    └─ migration.sql
  └─ 20260902140000_user_scoped_read_progress/
    └─ migration.sql
  └─ 20260903220000_add_reader_background/
    └─ migration.sql
  └─ 20260909000000_remove_read_progress/
    └─ migration.sql
      
All migrations have been successfully applied.
[setup] e2e users seeded (e2e-stream@test.local, e2e-reader@test.local), active Stub A (1/3), B=2

Running 61 tests using 1 worker

[WebServer] ⚠ Cross origin request detected from 127.0.0.1 to /_next/* resource. In a future major version of Next.js, you will need to explicitly configure "allowedDevOrigins" in next.config to allow this.
[WebServer] Read more: https://nextjs.org/docs/app/api-reference/config/next-config-js/allowedDevOrigins
  ✓   1 [chromium] › tests/account/account.spec.ts:12:7 › Account › shows the signed-in profile without exposing password values (3.4s)
  ✓   2 [chromium] › tests/account/account.spec.ts:22:7 › Account › rejects a short new password before contacting the server (1.9s)
  ✓   3 [chromium] › tests/account/account.spec.ts:33:7 › Account › rejects mismatching new passwords before contacting the server (1.9s)
  ✓   4 [chromium] › tests/account/admin-authorization.spec.ts:9:7 › Admin authorization › only exposes the dashboard to an administrator (2.6s)
  ✓   5 [chromium] › tests/account/session.spec.ts:9:7 › Session lifecycle › signs out and protects the application again (2.3s)
  ✓   6 [chromium] › tests/account/session.spec.ts:27:7 › Session lifecycle after app suspension › redirects a restored protected screen when its session expired in the background (2.1s)
  ✓   7 [chromium] › tests/account/settings.spec.ts:12:7 › Settings › exposes all settings sections with real controls (2.4s)
  ✓   8 [chromium] › tests/account/settings.spec.ts:27:7 › Settings › remembers the active tab after a reload (2.2s)
  ✓   9 [chromium] › tests/home/home.spec.ts:57:7 › Home functional journeys › shows continue reading and resumes the last viewed page (5.0s)
  ✓  10 [chromium] › tests/home/home.spec.ts:71:7 › Home functional journeys › keeps carousel images stable and reuses the HTTP cache after a reload (2.3s)
  ✓  11 [chromium] › tests/home/home.spec.ts:114:7 › Home functional journeys › shows reading lists on the home page and opens one (4.1s)
  ✓  12 [chromium] › tests/integrations/mutations.spec.ts:34:7 › Mutations on the isolated E2E account › persists reader preferences after a reload (2.8s)
  ✓  13 [chromium] › tests/integrations/mutations.spec.ts:53:7 › Mutations on the isolated E2E account › creates, edits, and deletes a Komga connection (3.2s)
  ✓  14 [chromium] › tests/integrations/streaming.spec.ts:53:7 › Home streaming + changement de connexion › affiche la home streamée avec les données de la connexion active (2.0s)
  ✓  15 [chromium] › tests/integrations/streaming.spec.ts:63:7 › Home streaming + changement de connexion › change de connexion, affiche le fallback, puis les données de la nouvelle home (3.2s)
  ✓  16 [chromium] › tests/library/authenticated-navigation.spec.ts:11:7 › Authenticated navigation › opens the main application navigation (2.0s)
  ✓  17 [chromium] › tests/library/authenticated-navigation.spec.ts:19:7 › Authenticated navigation › opens settings and switches between every section (2.0s)
  ✓  18 [chromium] › tests/library/authenticated-navigation.spec.ts:32:7 › Authenticated navigation › discovers a real library and exercises search when data exists (2.6s)
  ✓  19 [chromium] › tests/library/authenticated-navigation.spec.ts:41:7 › Authenticated navigation › opens a real series and book when the provider has content (3.4s)
  ✓  20 [chromium] › tests/library/favorites-reading-lists.spec.ts:24:7 › Favorites and reading lists › adds and removes a series favorite, including persistence after reload (3.0s)
  ✓  21 [chromium] › tests/library/favorites-reading-lists.spec.ts:47:7 › Favorites and reading lists › opens a deterministic reading list through the Stripstream connection (2.6s)
  ✓  22 [chromium] › tests/library/library.spec.ts:17:7 › Library browsing › synchronizes search with the URL and can clear it (3.6s)
  ✓  23 [chromium] › tests/library/library.spec.ts:26:7 › Library browsing › changes sorting without leaving the library (2.4s)
  ✓  24 [chromium] › tests/library/library.spec.ts:35:7 › Library browsing › toggles unread and missing filters through the URL (3.6s)
  -  25 [chromium] › tests/library/library.spec.ts:49:7 › Library browsing › navigates between library pages when the result set spans pages
  -  26 [chromium] › tests/library/library.spec.ts:62:7 › Library browsing › opens a real series card when content exists
  ✓  27 [chromium] › tests/library/reading-status.spec.ts:25:7 › Reading statuses › marks a book read and unread from the series card (3.7s)
  ✓  28 [chromium] › tests/library/reading-status.spec.ts:63:7 › Reading statuses › marks a book read when reaching its last reader page (3.9s)
  ✓  29 [chromium] › tests/library/series-rating.spec.ts:8:7 › Series rating (Stripstream) › sets, persists, then clears a series rating on the Stripstream connection (4.1s)
  ✓  30 [chromium] › tests/library/series-rating.spec.ts:50:7 › Series rating (Stripstream) › hides the rating control on the Komga connection (1.9s)
  ✓  31 [chromium] › tests/library/series-sort.spec.ts:8:7 › Library sort by rating (Stripstream) › cycles three sort states including community_score on Stripstream (3.4s)
  ✓  32 [chromium] › tests/library/series-sort.spec.ts:34:7 › Library sort by rating (Stripstream) › cycles only two sort states on Komga (no community_score) (2.6s)
  ✓  33 [chromium] › tests/public/access-control.spec.ts:16:9 › Access control › redirects / to sign in and preserves the destination (465ms)
  ✓  34 [chromium] › tests/public/access-control.spec.ts:16:9 › Access control › redirects /settings to sign in and preserves the destination (478ms)
  ✓  35 [chromium] › tests/public/access-control.spec.ts:16:9 › Access control › redirects /account to sign in and preserves the destination (452ms)
  ✓  36 [chromium] › tests/public/access-control.spec.ts:16:9 › Access control › redirects /admin to sign in and preserves the destination (468ms)
  ✓  37 [chromium] › tests/public/access-control.spec.ts:16:9 › Access control › redirects /libraries/library-id?sort=latest&page=2 to sign in and preserves the destination (462ms)
  ✓  38 [chromium] › tests/public/access-control.spec.ts:16:9 › Access control › redirects /series/series-id to sign in and preserves the destination (461ms)
  ✓  39 [chromium] › tests/public/access-control.spec.ts:16:9 › Access control › redirects /books/book-id to sign in and preserves the destination (442ms)
  ✓  40 [chromium] › tests/public/access-control.spec.ts:16:9 › Access control › redirects /reading-lists/list-id to sign in and preserves the destination (437ms)
  ✓  41 [chromium] › tests/public/access-control.spec.ts:26:7 › Access control › returns a structured 401 for a protected API route (10ms)
  ✓  42 [chromium] › tests/public/access-control.spec.ts:39:7 › Access control › keeps authentication and health endpoints public (311ms)
  ✓  43 [chromium] › tests/public/authentication.spec.ts:9:7 › Authentication › shows an accessible, empty sign-in form (457ms)
  ✓  44 [chromium] › tests/public/authentication.spec.ts:25:7 › Authentication › switches to registration and validates matching passwords client-side (1.4s)
  ✓  45 [chromium] › tests/public/authentication.spec.ts:40:7 › Authentication › honours a registration tab deep link (508ms)
  ✓  46 [chromium] › tests/public/authentication.spec.ts:46:7 › Authentication › changes the interface language (904ms)
  ✓  47 [chromium] › tests/public/pwa.spec.ts:4:7 › Public PWA resources › serves a valid web app manifest (4ms)
  ✓  48 [chromium] › tests/public/responsive.spec.ts:10:7 › login page renders at mobile-portrait (375x667) (850ms)
  ✓  49 [chromium] › tests/public/responsive.spec.ts:10:7 › login page renders at tablet-portrait (768x1024) (872ms)
  ✓  50 [chromium] › tests/public/responsive.spec.ts:10:7 › login page renders at desktop (1280x800) (978ms)
  ✓  51 [chromium] › tests/public/responsive.spec.ts:25:5 › no horizontal overflow at mobile width (833ms)
  ✓  52 [chromium] › tests/public/security.spec.ts:10:7 › Security headers › sends security headers on public pages (40ms)
  ✓  53 [chromium] › tests/public/security.spec.ts:21:7 › Security headers › sends security headers on a protected route redirect (3ms)
[WebServer] [auth][error] CredentialsSignin: Read more at https://errors.authjs.dev#credentialssignin
[WebServer]     at Module.callback (/Users/julienfroidefond/Sites/stripstream/.next/dev/server/chunks/691c0_@auth_core_843d8dff._.js:4314:30)
[WebServer]     at async AuthInternal (/Users/julienfroidefond/Sites/stripstream/.next/dev/server/chunks/691c0_@auth_core_843d8dff._.js:5148:24)
[WebServer]     at async Auth (/Users/julienfroidefond/Sites/stripstream/.next/dev/server/chunks/691c0_@auth_core_843d8dff._.js:5370:34)
[WebServer]     at async AppRouteRouteModule.do (/Users/julienfroidefond/Sites/stripstream/node_modules/.pnpm/next@16.1.6_@babel+core@7.29.0_@playwright+test@1.62.1_react-dom@19.2.4_react@19.2.4__react@19.2.4/node_modules/next/dist/compiled/next-server/app-route-turbo.runtime.dev.js:5:37866)
[WebServer]     at async AppRouteRouteModule.handle (/Users/julienfroidefond/Sites/stripstream/node_modules/.pnpm/next@16.1.6_@babel+core@7.29.0_@playwright+test@1.62.1_react-dom@19.2.4_react@19.2.4__react@19.2.4/node_modules/next/dist/compiled/next-server/app-route-turbo.runtime.dev.js:5:45156)
[WebServer]     at async responseGenerator (/Users/julienfroidefond/Sites/stripstream/.next/dev/server/chunks/b610d_next_2f436a36._.js:17148:38)
[WebServer]     at async AppRouteRouteModule.handleResponse (/Users/julienfroidefond/Sites/stripstream/node_modules/.pnpm/next@16.1.6_@babel+core@7.29.0_@playwright+test@1.62.1_react-dom@19.2.4_react@19.2.4__react@19.2.4/node_modules/next/dist/compiled/next-server/app-route-turbo.runtime.dev.js:1:191938)
[WebServer]     at async handleResponse (/Users/julienfroidefond/Sites/stripstream/.next/dev/server/chunks/b610d_next_2f436a36._.js:17211:32)
[WebServer]     at async Module.handler (/Users/julienfroidefond/Sites/stripstream/.next/dev/server/chunks/b610d_next_2f436a36._.js:17264:13)
[WebServer]     at async DevServer.renderToResponseWithComponentsImpl (/Users/julienfroidefond/Sites/stripstream/node_modules/.pnpm/next@16.1.6_@babel+core@7.29.0_@playwright+test@1.62.1_react-dom@19.2.4_react@19.2.4__react@19.2.4/node_modules/next/dist/server/base-server.js:1442:9)
[WebServer]     at async DevServer.renderPageComponent (/Users/julienfroidefond/Sites/stripstream/node_modules/.pnpm/next@16.1.6_@babel+core@7.29.0_@playwright+test@1.62.1_react-dom@19.2.4_react@19.2.4__react@19.2.4/node_modules/next/dist/server/base-server.js:1494:24)
[WebServer]     at async DevServer.renderToResponseImpl (/Users/julienfroidefond/Sites/stripstream/node_modules/.pnpm/next@16.1.6_@babel+core@7.29.0_@playwright+test@1.62.1_react-dom@19.2.4_react@19.2.4__react@19.2.4/node_modules/next/dist/server/base-server.js:1544:32)
[WebServer]     at async DevServer.pipeImpl (/Users/julienfroidefond/Sites/stripstream/node_modules/.pnpm/next@16.1.6_@babel+core@7.29.0_@playwright+test@1.62.1_react-dom@19.2.4_react@19.2.4__react@19.2.4/node_modules/next/dist/server/base-server.js:1038:25)
[WebServer]     at async NextNodeServer.handleCatchallRenderRequest (/Users/julienfroidefond/Sites/stripstream/node_modules/.pnpm/next@16.1.6_@babel+core@7.29.0_@playwright+test@1.62.1_react-dom@19.2.4_react@19.2.4__react@19.2.4/node_modules/next/dist/server/next-server.js:395:17)
[WebServer]     at async DevServer.handleRequestImpl (/Users/julienfroidefond/Sites/stripstream/node_modules/.pnpm/next@16.1.6_@babel+core@7.29.0_@playwright+test@1.62.1_react-dom@19.2.4_react@19.2.4__react@19.2.4/node_modules/next/dist/server/base-server.js:929:17)
[WebServer]     at async /Users/julienfroidefond/Sites/stripstream/node_modules/.pnpm/next@16.1.6_@babel+core@7.29.0_@playwright+test@1.62.1_react-dom@19.2.4_react@19.2.4__react@19.2.4/node_modules/next/dist/server/dev/next-dev-server.js:387:20
[WebServer]     at async Span.traceAsyncFn (/Users/julienfroidefond/Sites/stripstream/node_modules/.pnpm/next@16.1.6_@babel+core@7.29.0_@playwright+test@1.62.1_react-dom@19.2.4_react@19.2.4__react@19.2.4/node_modules/next/dist/trace/trace.js:157:20)
[WebServer]     at async DevServer.handleRequest (/Users/julienfroidefond/Sites/stripstream/node_modules/.pnpm/next@16.1.6_@babel+core@7.29.0_@playwright+test@1.62.1_react-dom@19.2.4_react@19.2.4__react@19.2.4/node_modules/next/dist/server/dev/next-dev-server.js:383:24)
[WebServer]     at async invokeRender (/Users/julienfroidefond/Sites/stripstream/node_modules/.pnpm/next@16.1.6_@babel+core@7.29.0_@playwright+test@1.62.1_react-dom@19.2.4_react@19.2.4__react@19.2.4/node_modules/next/dist/server/lib/router-server.js:248:21)
[WebServer]     at async handleRequest (/Users/julienfroidefond/Sites/stripstream/node_modules/.pnpm/next@16.1.6_@babel+core@7.29.0_@playwright+test@1.62.1_react-dom@19.2.4_react@19.2.4__react@19.2.4/node_modules/next/dist/server/lib/router-server.js:447:24)
[WebServer]     at async requestHandlerImpl (/Users/julienfroidefond/Sites/stripstream/node_modules/.pnpm/next@16.1.6_@babel+core@7.29.0_@playwright+test@1.62.1_react-dom@19.2.4_react@19.2.4__react@19.2.4/node_modules/next/dist/server/lib/router-server.js:496:13)
[WebServer]     at async Server.requestListener (/Users/julienfroidefond/Sites/stripstream/node_modules/.pnpm/next@16.1.6_@babel+core@7.29.0_@playwright+test@1.62.1_react-dom@19.2.4_react@19.2.4__react@19.2.4/node_modules/next/dist/server/lib/start-server.js:226:13)
  ✓  54 [chromium] › tests/public/security.spec.ts:34:7 › Rate limiting › rejects invalid credentials and stays on login (1.4s)
  ✓  55 [chromium] › tests/public/security.spec.ts:45:7 › Rate limiting › blocks registration after too many attempts (11.6s)
  ✓  56 [chromium] › tests/reader/reader-stub.spec.ts:54:7 › Reader against the deterministic Komga fixture › loads pages, navigates, switches spread direction, and syncs progress (4.6s)
  ✓  57 [chromium] › tests/reader/reader-stub.spec.ts:86:7 › Reader against the deterministic Komga fixture › opens thumbnails and reader information, then shows the end-of-book dialog (4.6s)
  ✓  58 [chromium] › tests/reader/reader-stub.spec.ts:112:7 › Reader against the deterministic Komga fixture › does not attribute anonymous reading progress to the current account (6.8s)
  ✓  59 [chromium] › tests/reader/reader-stub.spec.ts:156:7 › Reader against the deterministic Komga fixture › keeps reading statuses separate across two users and two connections (13.1s)
  ✓  60 [chromium] › tests/reader/reader.spec.ts:34:7 › Reader › offers page, direction, display and information controls (2.7s)
  ✓  61 [chromium] › tests/reader/reader.spec.ts:42:7 › Reader › opens reader information without navigating away (2.7s)

  2 skipped
  59 passed (2.6m)
real 155.40
user 155.21
sys 23.30
