
> stripstream@1.23.4 test:e2e /Users/julienfroidefond/Sites/stripstream
> pnpm test:e2e:build && playwright test


> stripstream@1.23.4 test:e2e:build /Users/julienfroidefond/Sites/stripstream
> NEXT_DIST_DIR=.next-e2e next build

[baseline-browser-mapping] The data in this module is over two months old.  To ensure accurate Baseline data, please update: `npm i baseline-browser-mapping@latest -D`
▲ Next.js 16.1.6 (Turbopack)
- Environments: .env
- Experiments (use with caution):
  · staleTimes

⚠ The "middleware" file convention is deprecated. Please use "proxy" instead. Learn more: https://nextjs.org/docs/messages/middleware-to-proxy
  Creating an optimized production build ...
[baseline-browser-mapping] The data in this module is over two months old.  To ensure accurate Baseline data, please update: `npm i baseline-browser-mapping@latest -D`
[baseline-browser-mapping] The data in this module is over two months old.  To ensure accurate Baseline data, please update: `npm i baseline-browser-mapping@latest -D`
Browserslist: browsers data (caniuse-lite) is 11 months old. Please run:
  npx update-browserslist-db@latest
  Why you should do it regularly: https://github.com/browserslist/update-db#readme
✓ Compiled successfully in 3.4s
  Running TypeScript ...
  Collecting page data using 9 workers ...
[baseline-browser-mapping] The data in this module is over two months old.  To ensure accurate Baseline data, please update: `npm i baseline-browser-mapping@latest -D`
[baseline-browser-mapping] The data in this module is over two months old.  To ensure accurate Baseline data, please update: `npm i baseline-browser-mapping@latest -D`
[baseline-browser-mapping] The data in this module is over two months old.  To ensure accurate Baseline data, please update: `npm i baseline-browser-mapping@latest -D`
[baseline-browser-mapping] The data in this module is over two months old.  To ensure accurate Baseline data, please update: `npm i baseline-browser-mapping@latest -D`
[baseline-browser-mapping] The data in this module is over two months old.  To ensure accurate Baseline data, please update: `npm i baseline-browser-mapping@latest -D`
[baseline-browser-mapping] The data in this module is over two months old.  To ensure accurate Baseline data, please update: `npm i baseline-browser-mapping@latest -D`
[baseline-browser-mapping] The data in this module is over two months old.  To ensure accurate Baseline data, please update: `npm i baseline-browser-mapping@latest -D`
[baseline-browser-mapping] The data in this module is over two months old.  To ensure accurate Baseline data, please update: `npm i baseline-browser-mapping@latest -D`
[baseline-browser-mapping] The data in this module is over two months old.  To ensure accurate Baseline data, please update: `npm i baseline-browser-mapping@latest -D`
  Generating static pages using 9 workers (0/6) ...
  Generating static pages using 9 workers (1/6) 
  Generating static pages using 9 workers (2/6) 
  Generating static pages using 9 workers (4/6) 
✓ Generating static pages using 9 workers (6/6) in 47.7ms
  Finalizing page optimization ...

Route (app)
┌ ƒ /
├ ƒ /_not-found
├ ƒ /account
├ ƒ /admin
├ ƒ /api/auth/[...nextauth]
├ ƒ /api/komga/books/[bookId]/pages/[pageNumber]
├ ƒ /api/komga/images/books/[bookId]/pages/[pageNumber]
├ ƒ /api/komga/images/books/[bookId]/pages/[pageNumber]/thumbnail
├ ƒ /api/komga/images/books/[bookId]/thumbnail
├ ƒ /api/komga/images/series/[seriesId]/first-page
├ ƒ /api/komga/images/series/[seriesId]/thumbnail
├ ƒ /api/provider/search
├ ƒ /api/stripstream/images/books/[bookId]/pages/[pageNumber]
├ ƒ /api/stripstream/images/books/[bookId]/thumbnail
├ ƒ /api/stripstream/search
├ ƒ /books/[bookId]
├ ƒ /libraries/[libraryId]
├ ƒ /login
├ ƒ /reading-lists/[id]
├ ƒ /series/[seriesId]
└ ƒ /settings


ƒ Proxy (Middleware)

ƒ  (Dynamic)  server-rendered on demand


====================================================================
[e2e] Reusing existing production build: .next-e2e/BUILD_ID
[e2e] BUILD_ID: vPJXK1oKl5loiBvS9E_uk
[e2e] Built at: 2026-09-11T12:37:11.245Z
[e2e] Rerun `pnpm test:e2e:build` after any src/ change.
====================================================================

[WebServer] ⚠ "next start" does not work with "output: standalone" configuration. Use "node .next/standalone/server.js" instead.
[WebServer] [stub-provider] instance A on :8444
[WebServer] [stub-provider] instance B on :8445
Environment variables loaded from .env
Prisma schema loaded from prisma/schema.prisma
Datasource "db": SQLite database "stripstream-e2e-74840.db" at "file:/var/folders/tv/w9jn7q0d08j8hl7_y9_bggxm0000gn/T/stripstream-e2e-74840.db"

SQLite database stripstream-e2e-74840.db created at file:/var/folders/tv/w9jn7q0d08j8hl7_y9_bggxm0000gn/T/stripstream-e2e-74840.db

8 migrations found in prisma/migrations

Applying migration `20260311203728_init`
Applying migration `20260322200000_add_anonymous_mode`
Applying migration `20260429000000_multi_config`
Applying migration `20260505000000_dedupe_favorites`
Applying migration `20260520000000_add_reader_display_prefs`
Applying migration `20260902140000_user_scoped_read_progress`
Applying migration `20260903220000_add_reader_background`
Applying migration `20260909000000_remove_read_progress`

The following migration(s) have been applied:

migrations/
  └─ 20260311203728_init/
    └─ migration.sql
  └─ 20260322200000_add_anonymous_mode/
    └─ migration.sql
  └─ 20260429000000_multi_config/
    └─ migration.sql
  └─ 20260505000000_dedupe_favorites/
    └─ migration.sql
  └─ 20260520000000_add_reader_display_prefs/
    └─ migration.sql
  └─ 20260902140000_user_scoped_read_progress/
    └─ migration.sql
  └─ 20260903220000_add_reader_background/
    └─ migration.sql
  └─ 20260909000000_remove_read_progress/
    └─ migration.sql
      
All migrations have been successfully applied.
[setup] e2e users seeded (e2e-stream@test.local, e2e-reader@test.local), active Stub A (1/3), B=2

Running 63 tests using 4 workers


====================================================================
[e2e] Reusing existing production build: .next-e2e/BUILD_ID
[e2e] BUILD_ID: vPJXK1oKl5loiBvS9E_uk
[e2e] Built at: 2026-09-11T12:37:11.245Z
[e2e] Rerun `pnpm test:e2e:build` after any src/ change.
====================================================================

  ✓   1 [setup] › tests/setup/auth.setup.ts:12:5 › authenticate as the stream account (1.5s)
  ✓   2 [setup] › tests/setup/auth.setup.ts:18:5 › authenticate as the reader account (1.3s)

====================================================================
[e2e] Reusing existing production build: .next-e2e/BUILD_ID
[e2e] BUILD_ID: vPJXK1oKl5loiBvS9E_uk
[e2e] Built at: 2026-09-11T12:37:11.245Z
[e2e] Rerun `pnpm test:e2e:build` after any src/ change.
====================================================================


====================================================================
[e2e] Reusing existing production build: .next-e2e/BUILD_ID
[e2e] BUILD_ID: vPJXK1oKl5loiBvS9E_uk
[e2e] Built at: 2026-09-11T12:37:11.245Z
[e2e] Rerun `pnpm test:e2e:build` after any src/ change.
====================================================================


====================================================================
[e2e] Reusing existing production build: .next-e2e/BUILD_ID
[e2e] BUILD_ID: vPJXK1oKl5loiBvS9E_uk
[e2e] Built at: 2026-09-11T12:37:11.245Z
[e2e] Rerun `pnpm test:e2e:build` after any src/ change.
====================================================================


====================================================================
[e2e] Reusing existing production build: .next-e2e/BUILD_ID
[e2e] BUILD_ID: vPJXK1oKl5loiBvS9E_uk
[e2e] Built at: 2026-09-11T12:37:11.245Z
[e2e] Rerun `pnpm test:e2e:build` after any src/ change.
====================================================================

  ✓   5 [read-only] › tests/account/account.spec.ts:13:7 › Account › shows the signed-in profile without exposing password values (833ms)
  ✓   6 [read-only] › tests/account/account.spec.ts:23:7 › Account › rejects a short new password before contacting the server (886ms)
  ✓   3 [read-only] › tests/account/admin-authorization.spec.ts:11:7 › Admin authorization › only exposes the dashboard to an administrator (900ms)
  ✓   4 [read-only] › tests/account/account.spec.ts:34:7 › Account › rejects mismatching new passwords before contacting the server (1.1s)
  ✓   9 [read-only] › tests/account/settings.spec.ts:13:7 › Settings › exposes all settings sections with real controls (727ms)
  ✓   7 [read-only] › tests/account/session.spec.ts:11:7 › Session lifecycle › signs out and protects the application again (845ms)
  ✓  10 [read-only] › tests/account/settings.spec.ts:28:7 › Settings › remembers the active tab after a reload (723ms)
  ✓  11 [read-only] › tests/public/access-control.spec.ts:18:9 › Access control › redirects / to sign in and preserves the destination (409ms)
  ✓  12 [read-only] › tests/public/access-control.spec.ts:18:9 › Access control › redirects /settings to sign in and preserves the destination (390ms)
  ✓  14 [read-only] › tests/public/access-control.spec.ts:18:9 › Access control › redirects /admin to sign in and preserves the destination (397ms)
  ✓  15 [read-only] › tests/public/access-control.spec.ts:18:9 › Access control › redirects /libraries/library-id?sort=latest&page=2 to sign in and preserves the destination (388ms)
  ✓  16 [read-only] › tests/public/access-control.spec.ts:18:9 › Access control › redirects /series/series-id to sign in and preserves the destination (365ms)
  ✓  17 [read-only] › tests/public/access-control.spec.ts:18:9 › Access control › redirects /books/book-id to sign in and preserves the destination (362ms)
  ✓  19 [read-only] › tests/public/access-control.spec.ts:28:7 › Access control › returns a structured 401 for a protected API route (11ms)
  ✓  20 [read-only] › tests/public/access-control.spec.ts:41:7 › Access control › keeps authentication and health endpoints public (28ms)
  ✓  13 [read-only] › tests/public/access-control.spec.ts:18:9 › Access control › redirects /account to sign in and preserves the destination (1.1s)
  ✓  18 [read-only] › tests/public/access-control.spec.ts:18:9 › Access control › redirects /reading-lists/list-id to sign in and preserves the destination (355ms)
  ✓  21 [read-only] › tests/public/authentication.spec.ts:11:7 › Authentication › shows an accessible, empty sign-in form (463ms)
  ✓  23 [read-only] › tests/public/authentication.spec.ts:42:7 › Authentication › honours a registration tab deep link (376ms)
  ✓  25 [read-only] › tests/public/pwa.spec.ts:6:7 › Public PWA resources › serves a valid web app manifest (10ms)
  ✓  26 [read-only] › tests/public/responsive.spec.ts:12:7 › login page renders at mobile-portrait (375x667) (186ms)
  ✓  27 [read-only] › tests/public/responsive.spec.ts:12:7 › login page renders at tablet-portrait (768x1024) (249ms)
  ✓  24 [read-only] › tests/public/authentication.spec.ts:48:7 › Authentication › changes the interface language (841ms)
  ✓  22 [read-only] › tests/public/authentication.spec.ts:27:7 › Authentication › switches to registration and validates matching passwords client-side (1.4s)
  ✓  28 [read-only] › tests/public/responsive.spec.ts:12:7 › login page renders at desktop (1280x800) (353ms)
  ✓  29 [read-only] › tests/public/responsive.spec.ts:27:5 › no horizontal overflow at mobile width (230ms)
  ✘   8 [read-only] › tests/account/session.spec.ts:28:7 › Session lifecycle after app suspension › redirects a restored protected screen when its session expired in the background (15.9s)


  1) [read-only] › tests/account/session.spec.ts:28:7 › Session lifecycle after app suspension › redirects a restored protected screen when its session expired in the background 

    Error: expect(page).toHaveURL(expected) failed

    Expected pattern: /\/login\?from=%2F(?:&|$)/
    Received string:  "http://127.0.0.1:3000/"
    Timeout: 15000ms

    Call log:
      - Expect "toHaveURL" with timeout 15000ms
        33 × locator resolved to <html lang="en-US" class="h-full light">…</html>
           - unexpected value "http://127.0.0.1:3000/"


      39 |     await page.evaluate(() => document.dispatchEvent(new Event('visibilitychange')));
      40 |
    > 41 |     await expect(page).toHaveURL(/\/login\?from=%2F(?:&|$)/, { timeout: 15_000 });
         |                        ^
      42 |   });
      43 | });
      44 |
        at /Users/julienfroidefond/Sites/stripstream/tests/account/session.spec.ts:41:24

    attachment #1: screenshot (image/png) ──────────────────────────────────────────────────────────
    test-results/account-session-Session-li-16d71-n-expired-in-the-background-read-only/test-failed-1.png
    ────────────────────────────────────────────────────────────────────────────────────────────────

    attachment #2: video (video/webm) ──────────────────────────────────────────────────────────────
    test-results/account-session-Session-li-16d71-n-expired-in-the-background-read-only/video.webm
    ────────────────────────────────────────────────────────────────────────────────────────────────

    Error Context: test-results/account-session-Session-li-16d71-n-expired-in-the-background-read-only/error-context.md

  1 failed
    [read-only] › tests/account/session.spec.ts:28:7 › Session lifecycle after app suspension › redirects a restored protected screen when its session expired in the background 
  34 did not run
  28 passed (22.5s)
 ELIFECYCLE  Command failed with exit code 1.
real 30.03
user 47.62
sys 7.39
